#-----------------------------------------------------------
# Vivado v2025.2 (64-bit)
# SW Build 6299465 on Fri Nov 14 12:34:56 MST 2025
# IP Build 6300035 on Fri Nov 14 10:48:45 MST 2025
# SharedData Build 6298862 on Thu Nov 13 04:50:51 MST 2025
# Start of session at: Thu Jun 25 09:31:11 2026
# Process ID         : 168749
# Current directory  : /home/ivanyuchen/CODING_FILES/VERILOG/PCSNN/PCSNN.runs/impl_1
# Command line       : vivado -log PCSNN_block_design_wrapper.vdi -applog -product Vivado -messageDb vivado.pb -mode batch -source PCSNN_block_design_wrapper.tcl -notrace
# Log file           : /home/ivanyuchen/CODING_FILES/VERILOG/PCSNN/PCSNN.runs/impl_1/PCSNN_block_design_wrapper.vdi
# Journal file       : /home/ivanyuchen/CODING_FILES/VERILOG/PCSNN/PCSNN.runs/impl_1/vivado.jou
# Running On         : ivanyuchen-Predator-PHN16-71
# Platform           : Ubuntu
# Operating System   : Ubuntu 24.04.4 LTS
# Processor Detail   : 13th Gen Intel(R) Core(TM) i7-13700HX
# CPU Frequency      : 2869.617 MHz
# CPU Physical cores : 16
# CPU Logical cores  : 24
# Host memory        : 33355 MB
# Swap memory        : 8589 MB
# Total Virtual      : 41945 MB
# Available Virtual  : 32890 MB
#-----------------------------------------------------------
source PCSNN_block_design_wrapper.tcl -notrace
